[2026-05-28 18:45:00] info: [reminderDispatch.job] Dispatching reminder jobs...
[2026-05-28 18:45:00] info: [sputumReminder.job] Checking upcoming sputum tests...
[2026-05-28 18:45:00] info: [sputumReminder.job] Sputum reminder job completed.
[2026-05-28 18:45:00] info: [reminderDispatch.job] Reminder dispatch completed.
[2026-05-28 19:00:00] info: [escalation.job] Evaluating escalation thresholds...
[2026-05-28 19:00:00] info: [reminderDispatch.job] Dispatching reminder jobs...
[2026-05-28 19:00:00] info: [sputumReminder.job] Checking upcoming sputum tests...
[2026-05-28 19:00:00] info: [sputumReminder.job] Sputum reminder job completed.
[2026-05-28 19:00:00] info: [reminderDispatch.job] Reminder dispatch completed.
[2026-05-28 19:00:00] info: [escalation.job] Escalation evaluation completed.
[2026-05-28 19:15:00] info: [reminderDispatch.job] Dispatching reminder jobs...
[2026-05-28 19:15:00] info: [sputumReminder.job] Checking upcoming sputum tests...
[2026-05-28 19:15:00] info: [sputumReminder.job] Sputum reminder job completed.
[2026-05-28 19:15:00] info: [reminderDispatch.job] Reminder dispatch completed.
[2026-05-28 19:45:00] info: [reminderDispatch.job] Dispatching reminder jobs...
[2026-05-28 19:45:00] info: [sputumReminder.job] Checking upcoming sputum tests...
[2026-05-28 19:45:00] info: [sputumReminder.job] Sputum reminder job completed.
[2026-05-28 19:45:00] info: [reminderDispatch.job] Reminder dispatch completed.
[2026-05-28 20:00:00] info: [reminderDispatch.job] Dispatching reminder jobs...
[2026-05-28 20:00:00] info: [sputumReminder.job] Checking upcoming sputum tests...
[2026-05-28 20:00:00] info: [escalation.job] Evaluating escalation thresholds...
[2026-05-28 20:00:00] info: [sputumReminder.job] Sputum reminder job completed.
[2026-05-28 20:00:00] info: [reminderDispatch.job] Reminder dispatch completed.
[2026-05-28 20:00:00] info: [escalation.job] Escalation evaluation completed.
[2026-05-29 21:45:00] info: [reminderDispatch.job] Dispatching reminder jobs...
[2026-05-29 21:45:00] info: [sputumReminder.job] Checking upcoming sputum tests...
[2026-05-29 21:45:00] info: [sputumReminder.job] Sputum reminder job completed.
[2026-05-29 21:45:00] info: [reminderDispatch.job] Reminder dispatch completed.
[2026-05-29 22:00:00] info: [escalation.job] Evaluating escalation thresholds...
[2026-05-29 22:00:00] info: [reminderDispatch.job] Dispatching reminder jobs...
[2026-05-29 22:00:00] info: [sputumReminder.job] Checking upcoming sputum tests...
[2026-05-29 22:00:00] info: [escalation.job] Escalation evaluation completed.
[2026-05-29 22:00:00] info: [sputumReminder.job] Sputum reminder job completed.
[2026-05-29 22:00:00] info: [reminderDispatch.job] Reminder dispatch completed.
[2026-05-29 22:15:00] info: [reminderDispatch.job] Dispatching reminder jobs...
[2026-05-29 22:15:00] info: [sputumReminder.job] Checking upcoming sputum tests...
[2026-05-29 22:15:00] info: [sputumReminder.job] Sputum reminder job completed.
[2026-05-29 22:15:00] info: [reminderDispatch.job] Reminder dispatch completed.
[2026-05-29 22:30:00] info: [reminderDispatch.job] Dispatching reminder jobs...
[2026-05-29 22:30:00] info: [sputumReminder.job] Checking upcoming sputum tests...
[2026-05-29 22:30:00] info: [sputumReminder.job] Sputum reminder job completed.
[2026-05-29 22:30:00] info: [reminderDispatch.job] Reminder dispatch completed.
[2026-05-29 22:45:00] info: [reminderDispatch.job] Dispatching reminder jobs...
[2026-05-29 22:45:00] info: [sputumReminder.job] Checking upcoming sputum tests...
[2026-05-29 22:45:00] info: [sputumReminder.job] Sputum reminder job completed.
[2026-05-29 22:45:00] info: [reminderDispatch.job] Reminder dispatch completed.
[2026-05-30 11:45:00] info: [reminderDispatch.job] Dispatching reminder jobs...
[2026-05-30 11:45:00] info: [sputumReminder.job] Checking upcoming sputum tests...
[2026-05-30 11:45:00] info: [sputumReminder.job] Sputum reminder job completed.
[2026-05-30 11:45:00] info: [reminderDispatch.job] Reminder dispatch completed.
[2026-05-30 12:00:00] info: [reminderDispatch.job] Dispatching reminder jobs...
[2026-05-30 12:00:00] info: [sputumReminder.job] Checking upcoming sputum tests...
[2026-05-30 12:00:00] info: [escalation.job] Evaluating escalation thresholds...
[2026-05-30 12:00:00] info: [sputumReminder.job] Sputum reminder job completed.
[2026-05-30 12:00:00] info: [reminderDispatch.job] Reminder dispatch completed.
[2026-05-30 12:00:00] info: [escalation.job] Escalation evaluation completed.
[2026-05-30 12:15:00] info: [reminderDispatch.job] Dispatching reminder jobs...
[2026-05-30 12:15:00] info: [sputumReminder.job] Checking upcoming sputum tests...
[2026-05-30 12:15:00] info: [sputumReminder.job] Sputum reminder job completed.
[2026-05-30 12:15:00] info: [reminderDispatch.job] Reminder dispatch completed.
[2026-05-30 12:30:00] info: [reminderDispatch.job] Dispatching reminder jobs...
[2026-05-30 12:30:00] info: [sputumReminder.job] Checking upcoming sputum tests...
[2026-05-30 12:30:00] info: [sputumReminder.job] Sputum reminder job completed.
[2026-05-30 12:30:00] info: [reminderDispatch.job] Reminder dispatch completed.
[2026-05-30 12:45:00] info: [reminderDispatch.job] Dispatching reminder jobs...
[2026-05-30 12:45:00] info: [sputumReminder.job] Checking upcoming sputum tests...
[2026-05-30 12:45:00] info: [sputumReminder.job] Sputum reminder job completed.
[2026-05-30 12:45:00] info: [reminderDispatch.job] Reminder dispatch completed.
[2026-05-30 13:00:00] info: [escalation.job] Evaluating escalation thresholds...
[2026-05-30 13:00:00] info: [reminderDispatch.job] Dispatching reminder jobs...
[2026-05-30 13:00:00] info: [sputumReminder.job] Checking upcoming sputum tests...
[2026-05-30 13:00:00] info: [escalation.job] Escalation evaluation completed.
[2026-05-30 13:00:00] info: [sputumReminder.job] Sputum reminder job completed.
[2026-05-30 13:00:00] info: [reminderDispatch.job] Reminder dispatch completed.
[2026-05-30 13:30:00] info: [reminderDispatch.job] Dispatching reminder jobs...
[2026-05-30 13:30:00] info: [sputumReminder.job] Checking upcoming sputum tests...
[2026-05-30 13:30:04] info: [sputumReminder.job] Sputum reminder job completed.
[2026-05-30 13:30:04] info: [reminderDispatch.job] Reminder dispatch completed.
[2026-05-30 13:45:00] info: [reminderDispatch.job] Dispatching reminder jobs...
[2026-05-30 13:45:00] info: [sputumReminder.job] Checking upcoming sputum tests...
[2026-05-30 13:45:00] info: [sputumReminder.job] Sputum reminder job completed.
[2026-05-30 13:45:00] info: [reminderDispatch.job] Reminder dispatch completed.
